
> temp_app@0.0.1 build
> astro build

[2m17:56:15[22m [34m[content][39m Syncing content
[2m17:56:15[22m [34m[content][39m Content config changed
[2m17:56:15[22m [34m[content][39m Clearing content store
[2m17:56:15[22m [34m[content][39m Synced content
[2m17:56:15[22m [34m[types][39m Generated [2m1.47s[22m
[2m17:56:15[22m [34m[build][39m output: [34m"static"[39m
[2m17:56:15[22m [34m[build][39m mode: [34m"static"[39m
[2m17:56:15[22m [34m[build][39m directory: [34mC:\Users\GV301\Documents\Todo\Proyectos\dnd-seo-proyect\dist\[39m
[2m17:56:15[22m [34m[build][39m Collecting build info...
[2m17:56:15[22m [34m[build][39m [32m✓ Completed in 1.55s.[39m
[2m17:56:15[22m [34m[build][39m Building static entrypoints...
[2m17:56:19[22m [34m[vite][39m [32m✓ built in 3.26s[39m
[2m17:56:19[22m [34m[build][39m [32m✓ Completed in 3.36s.[39m

[42m[30m building client (vite) [39m[49m
[2m17:56:19[22m [34m[vite][39m transforming...
[2m17:56:24[22m [34m[vite][39m [32m✓[39m 1702 modules transformed.
[2m17:56:25[22m [34m[vite][39m rendering chunks...
[2m17:56:25[22m [34m[vite][39m computing gzip size...
[2m17:56:25[22m [34m[vite][39m [2mdist/[22m[36m_astro/jsx-runtime.D_zvdyIk.js   [39m[1m[2m  0.73 kB[22m[1m[22m[2m │ gzip:  0.46 kB[22m
[2m17:56:25[22m [34m[vite][39m [2mdist/[22m[36m_astro/FAQAccordion.n63SUpI1.js  [39m[1m[2m  1.11 kB[22m[1m[22m[2m │ gzip:  0.56 kB[22m
[2m17:56:25[22m [34m[vite][39m [2mdist/[22m[36m_astro/HubSearchBar.CA1C3u12.js  [39m[1m[2m  5.54 kB[22m[1m[22m[2m │ gzip:  2.25 kB[22m
[2m17:56:25[22m [34m[vite][39m [2mdist/[22m[36m_astro/index.WFquGv8Z.js         [39m[1m[2m  7.85 kB[22m[1m[22m[2m │ gzip:  3.05 kB[22m
[2m17:56:25[22m [34m[vite][39m [2mdist/[22m[36m_astro/client.9unXo8s5.js        [39m[1m[2m186.62 kB[22m[1m[22m[2m │ gzip: 58.54 kB[22m
[2m17:56:25[22m [34m[vite][39m [32m✓ built in 6.06s[39m

[42m[30m generating static routes [39m[49m
[2m17:56:25[22m [32m▶[39m src/pages/404.astro
[2m17:56:25[22m   [34m└─[39m [2m/404.html[22m [2m(+20ms)[22m 
[2m17:56:25[22m [32m▶[39m src/pages/about.astro
[2m17:56:25[22m   [34m└─[39m [2m/about/index.html[22m [2m(+7ms)[22m 
[2m17:56:25[22m [32m▶[39m src/pages/comparisons/[category]/[slug].astro
[2m17:56:25[22m   [34m├─[39m [2m/comparisons/adventures/strahd-vs-avernus/index.html[22m [2m(+54ms)[22m 
[2m17:56:25[22m   [34m├─[39m [2m/comparisons/adventures/mock-comparison-1/index.html[22m [2m(+30ms)[22m 
[2m17:56:25[22m   [34m└─[39m [2m/comparisons/supplements/mock-comparison-2/index.html[22m [2m(+16ms)[22m 
[2m17:56:25[22m [32m▶[39m src/pages/contact.astro
[2m17:56:25[22m   [34m└─[39m [2m/contact/index.html[22m [2m(+7ms)[22m 
[2m17:56:25[22m [32m▶[39m src/pages/cookies.astro
[2m17:56:25[22m   [34m└─[39m [2m/cookies/index.html[22m [2m(+12ms)[22m 
[2m17:56:25[22m [32m▶[39m src/pages/news/[category]/[slug].astro
[2m17:56:25[22m   [34m├─[39m [2m/news/updates/welcome/index.html[22m [2m(+25ms)[22m 
[2m17:56:25[22m   [34m├─[39m [2m/news/releases/mock-news-1/index.html[22m [2m(+10ms)[22m 
[2m17:56:25[22m   [34m└─[39m [2m/news/community/mock-news-2/index.html[22m [2m(+7ms)[22m 
[2m17:56:25[22m [32m▶[39m src/pages/privacy.astro
[2m17:56:25[22m   [34m└─[39m [2m/privacy/index.html[22m [2m(+7ms)[22m 
[2m17:56:25[22m [32m▶[39m src/pages/reviews/[category]/[slug].astro
[2m17:56:25[22m   [34m├─[39m [2m/reviews/adventures/curse-of-strahd/index.html[22m [2m(+27ms)[22m 
[2m17:56:25[22m   [34m├─[39m [2m/reviews/adventures/mock-review-1/index.html[22m [2m(+8ms)[22m 
[2m17:56:25[22m   [34m└─[39m [2m/reviews/adventures/mock-review-2/index.html[22m [2m(+45ms)[22m 
[2m17:56:25[22m [32m▶[39m src/pages/reviews/[category]/index.astro
[2m17:56:25[22m   [34m├─[39m [2m/reviews/adventures/index.html[22m [2m(+15ms)[22m 
[2m17:56:25[22m   [34m├─[39m [2m/reviews/rulebooks/index.html[22m [2m(+5ms)[22m 
[2m17:56:25[22m   [34m├─[39m [2m/reviews/settings/index.html[22m [2m(+5ms)[22m 
[2m17:56:25[22m   [34m└─[39m [2m/reviews/supplements/index.html[22m [2m(+5ms)[22m 
[2m17:56:25[22m [32m▶[39m src/pages/[hub]/index.astro
[2m17:56:25[22m   [34m├─[39m [2m/reviews/index.html[22m [2m(+16ms)[22m 
[2m17:56:25[22m   [34m├─[39m [2m/comparisons/index.html[22m [2m(+14ms)[22m 
[2m17:56:26[22m   [34m└─[39m [2m/news/index.html[22m [2m(+11ms)[22m 
[2m17:56:26[22m [32m▶[39m src/pages/index.astro
[2m17:56:26[22m   [34m└─[39m [2m/index.html[22m [2m(+17ms)[22m 
[2m17:56:26[22m [32m✓ Completed in 840ms.
[39m
[2m17:56:26[22m [34m[@astrojs/sitemap][39m `sitemap-index.xml` created at `dist`
[2m17:56:26[22m [34m[build][39m 22 page(s) built in [1m11.95s[22m
[2m17:56:26[22m [34m[build][39m [1mComplete![22m
